
> no-show-software@0.1.0 build
> next build

   Γû▓ Next.js 15.5.7
   - Environments: .env.local

   Creating an optimized production build ...
 Γ£ô Compiled successfully in 13.8s
   Linting and checking validity of types ...
   Collecting page data ...
≡ƒö╡ [ROUTE] /api/reminders/process route.ts module loaded
≡ƒö╡ [ROUTE] Service container available: true
≡ƒö╡ [ROUTE] Scheduler service available: true
   Generating static pages (0/55) ...
   Generating static pages (13/55) 
≡ƒö╡ [ROUTE] /api/reminders/process route.ts module loaded
≡ƒö╡ [ROUTE] Service container available: true
≡ƒö╡ [ROUTE] Scheduler service available: true
   Generating static pages (27/55) 
   Generating static pages (41/55) 
Γ£à Supabase client created successfully
 Γ£ô Generating static pages (55/55)
   Finalizing page optimization ...
   Collecting build traces ...

Route (app)                                        Size  First Load JS
Γöî Γùï /                                            2.9 kB         169 kB
Γö£ Γùï /_not-found                                   997 B         103 kB
Γö£ ╞Æ /api/associates                               241 B         102 kB
Γö£ ╞Æ /api/associates/[id]                          241 B         102 kB
Γö£ ╞Æ /api/associates/[id]/whatsapp                 241 B         102 kB
Γö£ ╞Æ /api/column-mapping                           241 B         102 kB
Γö£ ╞Æ /api/company-setup                            241 B         102 kB
Γö£ ╞Æ /api/conversations                            241 B         102 kB
Γö£ ╞Æ /api/daily-summary                            241 B         102 kB
Γö£ ╞Æ /api/groups                                   241 B         102 kB
Γö£ ╞Æ /api/groups/[id]                              241 B         102 kB
Γö£ ╞Æ /api/groups/[id]/members                      241 B         102 kB
Γö£ ╞Æ /api/insert-rows                              241 B         102 kB
Γö£ ╞Æ /api/isv/brands                               241 B         102 kB
Γö£ ╞Æ /api/isv/campaigns                            241 B         102 kB
Γö£ ╞Æ /api/isv/customers                            241 B         102 kB
Γö£ ╞Æ /api/isv/customers/[id]                       241 B         102 kB
Γö£ ╞Æ /api/isv/numbers                              241 B         102 kB
Γö£ ╞Æ /api/isv/subaccounts                          241 B         102 kB
Γö£ ╞Æ /api/isv/webhooks/twilio/inbound              241 B         102 kB
Γö£ ╞Æ /api/isv/webhooks/twilio/status               241 B         102 kB
Γö£ ╞Æ /api/job-assignments/[jobId]                  241 B         102 kB
Γö£ ╞Æ /api/job-assignments/[jobId]/[associateId]    241 B         102 kB
Γö£ ╞Æ /api/jobs                                     241 B         102 kB
Γö£ ╞Æ /api/jobs/[id]                                241 B         102 kB
Γö£ ╞Æ /api/reminders/process                        241 B         102 kB
Γö£ ╞Æ /api/send-message                             241 B         102 kB
Γö£ ╞Æ /api/templates                                241 B         102 kB
Γö£ ╞Æ /api/templates/[sid]                          241 B         102 kB
Γö£ ╞Æ /api/templates/submit/[id]                    241 B         102 kB
Γö£ ╞Æ /api/twilio/activity                          241 B         102 kB
Γö£ ╞Æ /api/twilio/incoming                          241 B         102 kB
Γö£ ╞Æ /api/twilio/status-callback                   241 B         102 kB
Γö£ ╞Æ /api/twilio/templates                         241 B         102 kB
Γö£ ╞Æ /api/twilio/templates/[sid]/approve           241 B         102 kB
Γö£ ╞Æ /api/twilio/usage                             241 B         102 kB
Γö£ ╞Æ /api/twilio/webhook                           241 B         102 kB
Γö£ ╞Æ /api/user-setup                               241 B         102 kB
Γö£ ╞Æ /api/webhooks/twilio/message-status           241 B         102 kB
Γö£ Γùï /associates                                 9.13 kB         437 kB
Γö£ Γùï /auth/auth-code-error                       1.09 kB         109 kB
Γö£ ╞Æ /auth/callback                                241 B         102 kB
Γö£ ╞Æ /auth/session                                 241 B         102 kB
Γö£ Γùï /billing                                    3.97 kB         173 kB
Γö£ Γùï /blogs                                      2.07 kB         169 kB
Γö£ Γùï /company-setup                              3.16 kB         162 kB
Γö£ Γùï /get-started                                1.63 kB         168 kB
Γö£ Γùï /groups                                      3.2 kB         173 kB
Γö£ ╞Æ /groups/[id]                                5.03 kB         179 kB
Γö£ Γùï /home                                       3.28 kB         173 kB
Γö£ Γùï /icon.svg                                       0 B            0 B
Γö£ ╞Æ /isv/customers/[id]                         2.07 kB         168 kB
Γö£ Γùï /isv/onboarding                              2.5 kB         168 kB
Γö£ Γùï /jobs                                        1.5 kB         155 kB
Γö£ ╞Æ /jobs/[id]/associates                       5.95 kB         172 kB
Γö£ Γùï /landingpage                                  241 B         102 kB
Γö£ Γùï /legal/cookies                                241 B         102 kB
Γö£ Γùï /legal/data-deletion                          241 B         102 kB
Γö£ Γùï /legal/privacy                                241 B         102 kB
Γö£ Γùï /legal/terms                                  241 B         102 kB
Γö£ Γùï /login                                      2.84 kB         165 kB
Γö£ Γùï /messages                                   8.74 kB         180 kB
Γö£ Γùï /reminders                                     9 kB         434 kB
Γö£ ╞Æ /reminders/[id]/associates                  6.01 kB         175 kB
Γö£ Γùï /settings                                   2.31 kB         172 kB
Γö£ Γùï /templates                                  8.11 kB         175 kB
Γöö Γùï /usage                                      4.04 kB         171 kB
+ First Load JS shared by all                    102 kB
  Γö£ chunks/1255-2304737f04c582ca.js             45.8 kB
  Γö£ chunks/4bd1b696-f785427dddbba9fb.js         54.2 kB
  Γöö other shared chunks (total)                 2.01 kB


Γùï  (Static)   prerendered as static content
╞Æ  (Dynamic)  server-rendered on demand

